---
http_interactions:
- request:
    method: get
    uri: https://circleci.com/api/v1.1/project/github/mtchavez/circleci/140/artifacts?circle-token=<TOKEN>
    body:
      encoding: UTF-8
      string: "{}"
    headers:
      Accept:
      - application/json
      Content-Type:
      - application/json
      Accept-Encoding:
      - gzip;q=1.0,deflate;q=0.6,identity;q=0.3
      User-Agent:
      - Ruby
      Host:
      - circleci.com
  response:
    status:
      code: 200
      message: OK
    headers:
      Access-Control-Allow-Origin:
      - "*"
      Content-Type:
      - application/json; charset=utf-8
      Date:
      - Fri, 29 Jul 2016 00:08:15 GMT
      Server:
      - nginx
      Set-Cookie:
      - ab_test_user_seed=0.3396850799247606;Expires=Sat, 29 Jul 2017 00:08:15 +0000;Path=/;Secure
      - ring-session=FmTUgejUM%2F3YCh5JdlaOZJDcKjN3XLQKMmAj5dLqLkzOyQqSLhxxNoDuO9MpGi%2BJ3gv7ZRZL3v4BoRBs2T5xzsg%2FT83RhcVNvrFccJFYEnKAjzfSJA6UZc%2FDr4Yf8%2BXTN%2B%2FUWoAW4aQGQqQpWTUX5OVkyPCsPnGVnKMF3H4LRYmIPXLkJVIC7E883DAmHhvUxuVjWkeELr0a4IZhP4gtzE1z27cNtLk5mGpeiuOrPds%3D--dT7tI4jyDezkDMmagPa1%2FS9jahxicedVCzykP1e1E%2FM%3D;Path=/;HttpOnly;Expires=Fri,
        28 Jul 2017 23:34:02 +0000;Max-Age=31536000;Secure
      Strict-Transport-Security:
      - max-age=15724800
      X-Circleci-Identity:
      - i-b9bcea3f
      X-Circleci-Request-Id:
      - fc370f50-14c5-480d-9a75-d71956133d77
      X-Circleci-Scopes:
      - ":all"
      - ":none"
      - ":read-settings"
      - ":status"
      - ":trigger-builds"
      - ":view-builds"
      - ":write-settings"
      X-Frame-Options:
      - DENY
      X-Route:
      - "/artifacts"
      - ":build_num"
      - "\\d+"
      Content-Length:
      - '171'
      Connection:
      - keep-alive
    body:
      encoding: ASCII-8BIT
      string: '[{"path":"/tmp/circle-junit.vCFLHp7/rspec/junit.xml","pretty_path":"$CIRCLE_TEST_REPORTS/rspec/junit.xml","node_index":0,"url":"https://140-9485764-gh.circle-artifacts.com/0//tmp/circle-junit.vCFLHp7/rspec/junit.xml"}]'
    http_version: 
  recorded_at: Fri, 29 Jul 2016 00:07:46 GMT
- request:
    method: get
    uri: https://circleci.com/api/v1.1/project/github/github/mtchavez/circleci//artifacts?circle-token=<TOKEN>
    body:
      encoding: UTF-8
      string: "{}"
    headers:
      Accept:
      - application/json
      Content-Type:
      - application/json
      Accept-Encoding:
      - gzip;q=1.0,deflate;q=0.6,identity;q=0.3
      User-Agent:
      - Ruby
      Host:
      - circleci.com
  response:
    status:
      code: 404
      message: Not Found
    headers:
      Content-Type:
      - text/html; charset=utf-8
      Date:
      - Tue, 23 May 2017 20:08:56 GMT
      Server:
      - nginx
      Set-Cookie:
      - ring-session=LYIjwXzENETwIhlk38yj03eah0LAEKDq%2BirOnijlcSJbj23ooFtymu55Q4SqZVwWRZ0xRJEErqA%2F5Cv6A917AUO7%2FVoxkynxZez6KeeqIVpJ0M9OwNPCn80y4UV0A8iQvIOt%2FeA3w4XlU8Juw5Ymv3Z0DAo7sIGD%2FvBySOERKrYT10wDy3BZrUjWW7NOA91MYHMfwKge1oaNP1SqVzxwJLSN6a8AHG7EWK4AijAgkIw%3D--%2BoKW6X4vIr0kT6SkwOtFqXMqFaJ%2BBMm9ESaP8WyMrfA%3D;Path=/;HttpOnly;Expires=Wed,
        23 May 2018 20:06:24 +0000;Max-Age=31536000;Secure
      X-Circleci-Identity:
      - i-0573dc9326fd97809
      X-Circleci-Request-Id:
      - 68456c0c-b281-4ce2-885c-537eac69ef54
      X-Frame-Options:
      - DENY
      Content-Length:
      - '3578'
      Connection:
      - keep-alive
    body:
      encoding: ASCII-8BIT
      string: |-
        <!DOCTYPE html>
        <html><head><title>Continuous Integration and Deployment</title><meta content="text/html; charset=utf-8" http-equiv="Content-Type"><meta content="IE=edge,chrome=1" http-equiv="X-UA-Compatible"><meta content="width=device-width, initial-scale=1" name="viewport"><meta content="CircleCI" name="apple-mobile-web-app-title"><meta content="Hosted Continuous Integration for web applications. Set up your application for testing in one click, on the fastest testing platform on the internet." name="description"><link href="https://dmmj3mmt94rvw.cloudfront.net/favicon-undefined.ico" rel="icon" type="image/png"><link href="//dmmj3mmt94rvw.cloudfront.net/assets/css/app-b69cd148b2bd66451e8551af355597a3.css" rel="stylesheet" type="text/css"><script type="text/javascript">var circleEnvironment = "production";var circleHost = "i-0573dc9326fd97809";var current_manifest_version_key = "frontend-releases/v3/367ad768072c853274f2ffa3ed098cc6265a03b8.json";var optimizelyUrl = '//dmmj3mmt94rvw.cloudfront.net/assets/js/hosted/optimizely-94c7bce52d627f8bcc7ed80e0c947108.js';var segmentUrl = '//dmmj3mmt94rvw.cloudfront.net/assets/js/hosted/segment-AbgkrgN4cbRhAVEwlzMkHbwvrXnxHh35-f0f5acd5bb0d8296bb6119d034d66958.js';var CSRFToken = 'HwREu4awZ3fqGqkDdqYSY1LFhw_5FLsJeGlkXiskwAqK9acsC-AvRMiQeUcFhiU8yD2YSvS39jd9WWhm';var OAuthCSRFToken = 'OAlF5KO1fem_JIT1FzGE1ym3-6KEYv6oypLPvQmgPKt8OcUAhf8UFZ1RdCvTM_AmQm5wQwzqYyDWHeIw';</script><meta content="{&quot;assetsRoot&quot;:&quot;https://dmmj3mmt94rvw.cloudfront.net&quot;,&quot;enterprise&quot;:false,&quot;analytics_enabled&quot;:true,&quot;intercom_enabled&quot;:true,&quot;githubHttpEndpoint&quot;:&quot;https://github.com&quot;,&quot;support_email&quot;:&quot;support@circleci.com&quot;,&quot;pusher&quot;:{&quot;key&quot;:&quot;1cf6e0e755e419d2ac9a&quot;},&quot;user_session_settings&quot;:null,&quot;auth_protocol&quot;:&quot;https&quot;,&quot;current_user&quot;:null,&quot;status&quot;:404,&quot;logging_enabled&quot;:false,&quot;log_channels&quot;:false,&quot;instrument&quot;:false,&quot;bitbucketClientId&quot;:&quot;4DMqkNUJUMcdfnFtDU&quot;,&quot;githubClientId&quot;:&quot;78a2ba87f071c28e65bb&quot;,&quot;env&quot;:&quot;production&quot;,&quot;auth_host&quot;:null,&quot;flash&quot;:null,&quot;can_create_user&quot;:true,&quot;stripePublishableKey&quot;:&quot;pk_ZPBtv9wYtkUh6YwhwKRqL0ygAb0Q9&quot;,&quot;elevio_enabled&quot;:null}" id="b8fa9ee7-7227-45dc-b84e-7a87c18af306" /><script type="text/javascript">var renderContext = JSON.parse(document.getElementById('b8fa9ee7-7227-45dc-b84e-7a87c18af306').content);</script>
        <script type="text/javascript">
        !function(){var loadOptimizely=function(){var e=document.createElement("script");e.type="text/javascript";e.async=!0;e.src=optimizelyUrl;var n=document.getElementsByTagName("script")[0];n.parentNode.insertBefore(e,n)};
        window.addEventListener('load', loadOptimizely, false);
        }();
        </script>


        <script type="text/javascript">
        !function(){var analytics=window.analytics=window.analytics||[];if(!analytics.initialize)if(analytics.invoked)window.console&&console.error&&console.error("Segment snippet included twice.");else{analytics.invoked=!0;analytics.methods=["trackSubmit","trackClick","trackLink","trackForm","pageview","identify","reset","group","track","ready","alias","page","once","off","on"];analytics.factory=function(t){return function(){var e=Array.prototype.slice.call(arguments);e.unshift(t);analytics.push(e);return analytics}};for(var t=0;t<analytics.methods.length;t++){var e=analytics.methods[t];analytics[e]=analytics.factory(e)}analytics.load=function(){var e=document.createElement("script");e.type="text/javascript";e.async=!0;e.src=segmentUrl;var n=document.getElementsByTagName("script")[0];n.parentNode.insertBefore(e,n)};analytics.SNIPPET_VERSION="3.1.0";
        analytics.load();
        }}();
        </script>

        <script src="//d3dy5gmtp8yhk7.cloudfront.net/2.2/pusher.min.js" type="text/javascript"></script><script src="//dmmj3mmt94rvw.cloudfront.net/assets/js/hosted/intercom2-205572cbdda3126db3f800ef6ed1ef59.js" type="text/javascript"></script><meta content="{&quot;key&quot;:&quot;&quot;,&quot;email&quot;:null,&quot;name&quot;:null,&quot;custom&quot;:{&quot;organizations&quot;:[],&quot;in_beta_program&quot;:null,&quot;enrolled_betas&quot;:null,&quot;free&quot;:true}}" id="645948de-ad67-4929-acac-694776e5cc67" /><script type="text/javascript">var ldUser = JSON.parse(document.getElementById('645948de-ad67-4929-acac-694776e5cc67').content);</script><script crossorigin="anonymous" src="https://app.launchdarkly.com/snippet/features/562fbc5f169cf106f1000015.js" type="text/javascript"></script><script>!function(e,t){e.ldclient=e.ldclient||{},e.ldclient.q||(e.ldclient.q=[]),e.ldclient.push_event=function(t,n,i){e.ldclient.q.push({kind:t,key:n,data:i,url:e.location.href,creationDate:new Date})},e.ldclient.track=e.ldclient.send_event=function(t,n){if('string'!=typeof t)throw'Event key must be a string';e.ldclient.push_event('custom',t,n)},e.ldclient.set_user=e.ldclient.identify=e.ldclient.identify||function(t){e.ldclient.q.push({kind:'identify',key:t.key,user:t,creationDate:new Date}),e.ldclient.user=t};var n=e.document.createElement('script');n.type='text/javascript',n.async=!0,n.crossorigin='anonymous',n.src=t;var i=e.document.getElementsByTagName('script')[0];i.parentNode.insertBefore(n,i)}(this,'https://app.launchdarkly.com/snippet/events/v1/562fbc5f169cf106f1000015.js');</script><script>ldclient.identify(ldUser)</script>
        <script type="text/javascript">
        var _gaq = _gaq || [];

        if (window.circleEnvironment == "production") {
          _gaq.push(['_setAccount', "UA-25580673-1"]);
        } else {
          _gaq.push(['_setAccount', "UA-25580673-2"]);
        }

        _gaq.push(['_trackPageview']);

        (function() {
          var ga = document.createElement('script');
          ga.type = 'text/javascript';
          ga.async = true;
          ga.src = ('https:' == document.location.protocol ? 'https://ssl' : 'http://www') + '.google-analytics.com/ga.js';
          var s = document.getElementsByTagName('script')[0];
          s.parentNode.insertBefore(ga, s);
        })();
        </script>
        </head><noscript><h1>Hello there noscripter!</h1><p>CircleCI uses JavaScript pretty heavily to provide a good experience and to allow us to develop code a lot faster. We recognize that the tradeoff is that people using noscript get a worse experience, and we apologize for that.</p><p>So let us pitch you quickly on why you should enable JavaScript and view our site. CircleCI is <b>powerful, fast, and easy-to-use Continuous Integration and Deployment</b> for web applications.</p><p>CircleCI is easy to set up, incredibly fast, allows you to get your code to customers faster, and will even automatically parallelize your tests over many machines to get results to you faster. If that sounds useful, we'd encourage you to whitelist us in noscript and read about it yourself :)</p></noscript><body><div id="app"></div><script crossorigin="anonymous" src="//dmmj3mmt94rvw.cloudfront.net/assets/js/om-production-174fd8e203225bb71697127bbef09196.js" type="text/javascript"></script>
        <script type="text/javascript">
        function track_signup_conversion() {
          if (window.circleEnvironment == "production") {
            /* <![CDATA[ */
            var google_conversion_id = 1032131388;
            var google_conversion_label = "OYM1CK-vmW8QvKaU7AM";
            /* ]]> */
            trackConv(google_conversion_id,google_conversion_label);
          } else {
            console.log("Not in production: not recording conversion event");
          }
        }

        function trackConv(google_conversion_id,google_conversion_label) {
          var image = new Image(1,1);
          image.src = "https://www.googleadservices.com/pagead/conversion/"+google_conversion_id+"/?label="+google_conversion_label +"&script=0";
        }
        track_signup_conversion();

        // Google Code for Remarketing Tag
        if(window.circleEnvironment == "production"){
          var image = new Image(1,1);
          image.src = "https://googleads.g.doubleclick.net/pagead/viewthroughconversion/1032131388/?value=0&amp;guid=ON&amp;script=0";
        }
        else{
          console.log('Not in production, not adding to retargeting list')
        }
        </script>
        <noscript>
          <div style="display:inline;">
          <img height="1" width="1" style="border-style:none;" alt="" src="//www.googleadservices.com/pagead/conversion/1032131388/?label=OYM1CK-vmW8QvKaU7AM&amp;guid=ON&amp;script=0"/>
          </div>
        </noscript>

        </body></html>
    http_version: 
  recorded_at: Tue, 23 May 2017 20:07:59 GMT
- request:
    method: get
    uri: https://circleci.com/api/v1.1/project/github/github/mtchavez/circleci/140/artifacts?circle-token=<TOKEN>
    body:
      encoding: UTF-8
      string: "{}"
    headers:
      Accept:
      - application/json
      Content-Type:
      - application/json
      Accept-Encoding:
      - gzip;q=1.0,deflate;q=0.6,identity;q=0.3
      User-Agent:
      - Ruby
      Host:
      - circleci.com
  response:
    status:
      code: 404
      message: Not Found
    headers:
      Content-Type:
      - text/html; charset=utf-8
      Date:
      - Tue, 23 May 2017 20:09:41 GMT
      Server:
      - nginx
      Set-Cookie:
      - ring-session=qwpbNsOEGRLITBaaCDnCPaCAnc9%2F8wWzDFStr2Np6RyxfyQsk9lQi2HzkHpC1c7k9qTwQGwSSNWQ3UK%2BoTjZBAwAckzk0uC0uLdLNfXosH%2BssDypulkk5pP3%2BqeK2eefagGi3IXK34RuCYtfX%2FWd5EEtXcsVcCtuYq291oZfFuep6CuJXKsI2rKmT%2By9dZmkw8LkHZ86AzCHWgnNP5uQxFN4q%2Fv0XcRPnFRby8GHc1Q%3D--X2U60xzwMquGABMfE2Zp6DmHwJajiMrZUljGHKzd1Ak%3D;Path=/;HttpOnly;Expires=Wed,
        23 May 2018 20:07:20 +0000;Max-Age=31536000;Secure
      X-Circleci-Identity:
      - i-06dbc4a4d26016f35
      X-Circleci-Request-Id:
      - 0f17e3ca-5ee9-4290-9d98-269c9c710705
      X-Frame-Options:
      - DENY
      Content-Length:
      - '3578'
      Connection:
      - keep-alive
    body:
      encoding: ASCII-8BIT
      string: |-
        <!DOCTYPE html>
        <html><head><title>Continuous Integration and Deployment</title><meta content="text/html; charset=utf-8" http-equiv="Content-Type"><meta content="IE=edge,chrome=1" http-equiv="X-UA-Compatible"><meta content="width=device-width, initial-scale=1" name="viewport"><meta content="CircleCI" name="apple-mobile-web-app-title"><meta content="Hosted Continuous Integration for web applications. Set up your application for testing in one click, on the fastest testing platform on the internet." name="description"><link href="https://dmmj3mmt94rvw.cloudfront.net/favicon-undefined.ico" rel="icon" type="image/png"><link href="//dmmj3mmt94rvw.cloudfront.net/assets/css/app-b69cd148b2bd66451e8551af355597a3.css" rel="stylesheet" type="text/css"><script type="text/javascript">var circleEnvironment = "production";var circleHost = "i-06dbc4a4d26016f35";var current_manifest_version_key = "frontend-releases/v3/367ad768072c853274f2ffa3ed098cc6265a03b8.json";var optimizelyUrl = '//dmmj3mmt94rvw.cloudfront.net/assets/js/hosted/optimizely-94c7bce52d627f8bcc7ed80e0c947108.js';var segmentUrl = '//dmmj3mmt94rvw.cloudfront.net/assets/js/hosted/segment-AbgkrgN4cbRhAVEwlzMkHbwvrXnxHh35-f0f5acd5bb0d8296bb6119d034d66958.js';var CSRFToken = 'pjrNfmS9E7XGXR_OiaDXwC7pJqbSUTFW-Agoka2xARLCI57ld9KTzlULx3nQxTQNmPxHkPjV6y_1pDjV';var OAuthCSRFToken = 'AIHDvje3mfyqB6zvpLSOrJrvuorfca9jPeXqDecww-IAp1nN0SKXr-bcYD702-hBMNwhBVNrjE8BP8Wg';</script><meta content="{&quot;assetsRoot&quot;:&quot;https://dmmj3mmt94rvw.cloudfront.net&quot;,&quot;enterprise&quot;:false,&quot;analytics_enabled&quot;:true,&quot;intercom_enabled&quot;:true,&quot;githubHttpEndpoint&quot;:&quot;https://github.com&quot;,&quot;support_email&quot;:&quot;support@circleci.com&quot;,&quot;pusher&quot;:{&quot;key&quot;:&quot;1cf6e0e755e419d2ac9a&quot;},&quot;user_session_settings&quot;:null,&quot;auth_protocol&quot;:&quot;https&quot;,&quot;current_user&quot;:null,&quot;status&quot;:404,&quot;logging_enabled&quot;:false,&quot;log_channels&quot;:false,&quot;instrument&quot;:false,&quot;bitbucketClientId&quot;:&quot;4DMqkNUJUMcdfnFtDU&quot;,&quot;githubClientId&quot;:&quot;78a2ba87f071c28e65bb&quot;,&quot;env&quot;:&quot;production&quot;,&quot;auth_host&quot;:null,&quot;flash&quot;:null,&quot;can_create_user&quot;:true,&quot;stripePublishableKey&quot;:&quot;pk_ZPBtv9wYtkUh6YwhwKRqL0ygAb0Q9&quot;,&quot;elevio_enabled&quot;:null}" id="4021d881-d596-42bb-879a-8c394b11fbec" /><script type="text/javascript">var renderContext = JSON.parse(document.getElementById('4021d881-d596-42bb-879a-8c394b11fbec').content);</script>
        <script type="text/javascript">
        !function(){var loadOptimizely=function(){var e=document.createElement("script");e.type="text/javascript";e.async=!0;e.src=optimizelyUrl;var n=document.getElementsByTagName("script")[0];n.parentNode.insertBefore(e,n)};
        window.addEventListener('load', loadOptimizely, false);
        }();
        </script>


        <script type="text/javascript">
        !function(){var analytics=window.analytics=window.analytics||[];if(!analytics.initialize)if(analytics.invoked)window.console&&console.error&&console.error("Segment snippet included twice.");else{analytics.invoked=!0;analytics.methods=["trackSubmit","trackClick","trackLink","trackForm","pageview","identify","reset","group","track","ready","alias","page","once","off","on"];analytics.factory=function(t){return function(){var e=Array.prototype.slice.call(arguments);e.unshift(t);analytics.push(e);return analytics}};for(var t=0;t<analytics.methods.length;t++){var e=analytics.methods[t];analytics[e]=analytics.factory(e)}analytics.load=function(){var e=document.createElement("script");e.type="text/javascript";e.async=!0;e.src=segmentUrl;var n=document.getElementsByTagName("script")[0];n.parentNode.insertBefore(e,n)};analytics.SNIPPET_VERSION="3.1.0";
        analytics.load();
        }}();
        </script>

        <script src="//d3dy5gmtp8yhk7.cloudfront.net/2.2/pusher.min.js" type="text/javascript"></script><script src="//dmmj3mmt94rvw.cloudfront.net/assets/js/hosted/intercom2-205572cbdda3126db3f800ef6ed1ef59.js" type="text/javascript"></script><meta content="{&quot;key&quot;:&quot;&quot;,&quot;email&quot;:null,&quot;name&quot;:null,&quot;custom&quot;:{&quot;organizations&quot;:[],&quot;in_beta_program&quot;:null,&quot;enrolled_betas&quot;:null,&quot;free&quot;:true}}" id="7331de7f-e8f9-47ab-8abf-284abd9cc731" /><script type="text/javascript">var ldUser = JSON.parse(document.getElementById('7331de7f-e8f9-47ab-8abf-284abd9cc731').content);</script><script crossorigin="anonymous" src="https://app.launchdarkly.com/snippet/features/562fbc5f169cf106f1000015.js" type="text/javascript"></script><script>!function(e,t){e.ldclient=e.ldclient||{},e.ldclient.q||(e.ldclient.q=[]),e.ldclient.push_event=function(t,n,i){e.ldclient.q.push({kind:t,key:n,data:i,url:e.location.href,creationDate:new Date})},e.ldclient.track=e.ldclient.send_event=function(t,n){if('string'!=typeof t)throw'Event key must be a string';e.ldclient.push_event('custom',t,n)},e.ldclient.set_user=e.ldclient.identify=e.ldclient.identify||function(t){e.ldclient.q.push({kind:'identify',key:t.key,user:t,creationDate:new Date}),e.ldclient.user=t};var n=e.document.createElement('script');n.type='text/javascript',n.async=!0,n.crossorigin='anonymous',n.src=t;var i=e.document.getElementsByTagName('script')[0];i.parentNode.insertBefore(n,i)}(this,'https://app.launchdarkly.com/snippet/events/v1/562fbc5f169cf106f1000015.js');</script><script>ldclient.identify(ldUser)</script>
        <script type="text/javascript">
        var _gaq = _gaq || [];

        if (window.circleEnvironment == "production") {
          _gaq.push(['_setAccount', "UA-25580673-1"]);
        } else {
          _gaq.push(['_setAccount', "UA-25580673-2"]);
        }

        _gaq.push(['_trackPageview']);

        (function() {
          var ga = document.createElement('script');
          ga.type = 'text/javascript';
          ga.async = true;
          ga.src = ('https:' == document.location.protocol ? 'https://ssl' : 'http://www') + '.google-analytics.com/ga.js';
          var s = document.getElementsByTagName('script')[0];
          s.parentNode.insertBefore(ga, s);
        })();
        </script>
        </head><noscript><h1>Hello there noscripter!</h1><p>CircleCI uses JavaScript pretty heavily to provide a good experience and to allow us to develop code a lot faster. We recognize that the tradeoff is that people using noscript get a worse experience, and we apologize for that.</p><p>So let us pitch you quickly on why you should enable JavaScript and view our site. CircleCI is <b>powerful, fast, and easy-to-use Continuous Integration and Deployment</b> for web applications.</p><p>CircleCI is easy to set up, incredibly fast, allows you to get your code to customers faster, and will even automatically parallelize your tests over many machines to get results to you faster. If that sounds useful, we'd encourage you to whitelist us in noscript and read about it yourself :)</p></noscript><body><div id="app"></div><script crossorigin="anonymous" src="//dmmj3mmt94rvw.cloudfront.net/assets/js/om-production-174fd8e203225bb71697127bbef09196.js" type="text/javascript"></script>
        <script type="text/javascript">
        function track_signup_conversion() {
          if (window.circleEnvironment == "production") {
            /* <![CDATA[ */
            var google_conversion_id = 1032131388;
            var google_conversion_label = "OYM1CK-vmW8QvKaU7AM";
            /* ]]> */
            trackConv(google_conversion_id,google_conversion_label);
          } else {
            console.log("Not in production: not recording conversion event");
          }
        }

        function trackConv(google_conversion_id,google_conversion_label) {
          var image = new Image(1,1);
          image.src = "https://www.googleadservices.com/pagead/conversion/"+google_conversion_id+"/?label="+google_conversion_label +"&script=0";
        }
        track_signup_conversion();

        // Google Code for Remarketing Tag
        if(window.circleEnvironment == "production"){
          var image = new Image(1,1);
          image.src = "https://googleads.g.doubleclick.net/pagead/viewthroughconversion/1032131388/?value=0&amp;guid=ON&amp;script=0";
        }
        else{
          console.log('Not in production, not adding to retargeting list')
        }
        </script>
        <noscript>
          <div style="display:inline;">
          <img height="1" width="1" style="border-style:none;" alt="" src="//www.googleadservices.com/pagead/conversion/1032131388/?label=OYM1CK-vmW8QvKaU7AM&amp;guid=ON&amp;script=0"/>
          </div>
        </noscript>

        </body></html>
    http_version: 
  recorded_at: Tue, 23 May 2017 20:11:02 GMT
recorded_with: VCR 3.0.3
